// Jest Snapshot v1, https://goo.gl/fbAQLP

exports[`RenderPage renders the page unchanged 1`] = `
<div>
  <div
    class="container"
  >
    <div>
      <h2>
        About
      </h2>
      <p>
        SRE エンジニアの
         
        <a
          href="https://yumenomatayume.net"
          rel="noopener"
          target="_blank"
        >
          yumenomatayume
        </a>
         
        によるブログです。
      </p>
    </div>
  </div>
</div>
`;
