// Jest Snapshot v1, https://goo.gl/fbAQLP

exports[`RenderPage renders the page unchanged 1`] = `
<div>
  <div
    class="container"
  >
    <div>
      <h2>
        📣 About（このサイトについて）
      </h2>
      <p>
        SRE エンジニアである
         
        <a
          href="https://yumenomatayume.net"
          rel="noopener"
          target="_blank"
        >
          yumenomatayume
        </a>
         
        が運営する個人ブログです。
        <br />
        エンジニア向けの記事が多めです。
      </p>
      <p>
        ブログの RSS フィードは 
        <code>
          /feed
        </code>
         を RSS リーダーにご登録ください。
      </p>
      <h2>
        🔗 Links
      </h2>
      <p>
        <ul>
          <li>
            <a
              href="https://github.com/ymmmtym"
              rel="noopener"
              target="_blank"
            >
              GitHub
            </a>
          </li>
          <li>
            <a
              href="https://yumenomatayume.net"
              rel="noopener"
              target="_blank"
            >
              Portfolio
            </a>
          </li>
          <li>
            <a
              href="https://zenn.dev/ymmmtym"
              rel="noopener"
              target="_blank"
            >
              Zenn
            </a>
          </li>
          <li>
            <a
              href="https://scrapbox.io/yumenomatayume"
              rel="noopener"
              target="_blank"
            >
              Scrapbox
            </a>
          </li>
          <li>
            <a
              href="https://blog.yumenomatayume.net"
              rel="noopener"
              target="_blank"
            >
              旧個人ブログ
            </a>
          </li>
        </ul>
      </p>
      <h2>
        🧚 Activity
      </h2>
      <h3>
        GitHub
      </h3>
      <a
        href="https://github.com/ymmmtym"
        rel="noopener"
        target="_blank"
      >
        <span
          style="box-sizing: border-box; display: inline-block; overflow: hidden; background: none; opacity: 1; border: 0px; margin: 0px; padding: 0px; position: relative; max-width: 100%;"
        >
          <span
            style="box-sizing: border-box; display: block; background: none; opacity: 1; border: 0px; margin: 0px; padding: 0px; max-width: 100%;"
          >
            <img
              alt=""
              aria-hidden="true"
              src="data:image/svg+xml,%3csvg%20xmlns=%27http://www.w3.org/2000/svg%27%20version=%271.1%27%20width=%27880%27%20height=%27192%27/%3e"
              style="display: block; max-width: 100%; background: none; opacity: 1; border: 0px; margin: 0px; padding: 0px;"
            />
          </span>
          <img
            alt="GitHub Snake"
            data-nimg="intrinsic"
            decoding="async"
            src="data:image/gif;base64,R0lGODlhAQABAIAAAAAAAP///yH5BAEAAAAALAAAAAABAAEAAAIBRAA7"
            style="position: absolute; top: 0px; left: 0px; bottom: 0px; right: 0px; box-sizing: border-box; padding: 0px; margin: auto; display: block; width: 0px; height: 0px; min-width: 100%; max-width: 100%; min-height: 100%; max-height: 100%;"
          />
          <noscript />
        </span>
      </a>
    </div>
  </div>
</div>
`;
